// Jest Snapshot v1, https://goo.gl/fbAQLP

exports[`ControlsEditorUpper Default props and rendering verifies the snapshot for the component 1`] = `
Array [
  <div
    className="ajc-flex-row ajc-spacing-bottom-small ajc-width-hd-inner ajc-text-black ajc-font-default ajc-flex-justify-left"
  >
    <h2
      className="ajc-font-paragraph-heading"
    >
      Click the button below to add new items to your document:
    </h2>
  </div>,
  <div
    className="ajc-flex-row ajc-spacing-bottom-small ajc-background-transparent ajc-width-hd-inner ajc-flex-justify-left ajc-spacing-top-reduced"
  >
    <button
      className="ajc-button ajc-font-default ajc-button-grey"
      id="add-new-item-button"
      onClick={[Function]}
      title="Add a new item to your document."
      type="button"
    >
      Add New Item
    </button>
  </div>,
  <input
    className="ajc-display-none"
    id="add-new-item-user-value"
    readOnly={true}
    type="text"
  />,
]
`;

exports[`ControlsEditorUpper Dialog visible - Add new item dialog verifies the snapshot for the component 1`] = `"<div class=\\"ajc-flex-row ajc-spacing-bottom-small ajc-width-hd-inner ajc-text-black ajc-font-default ajc-flex-justify-left\\"><h2 class=\\"ajc-font-paragraph-heading\\">Click the button below to add new items to your document:</h2></div><div class=\\"ajc-flex-row ajc-spacing-bottom-small ajc-background-transparent ajc-width-hd-inner ajc-flex-justify-left ajc-spacing-top-reduced\\"><button id=\\"add-new-item-button\\" class=\\"ajc-button ajc-font-default ajc-button-grey\\" type=\\"button\\" title=\\"Add a new item to your document.\\">Add New Item</button></div><input id=\\"add-new-item-user-value\\" type=\\"text\\" readonly=\\"\\" class=\\"ajc-display-none\\"><div id=\\"page-mask-add-new-item-dialog-id-root\\" class=\\"ajc-flex-row ajc-flex-justify-center ajc-page-mask ajc-width-4k\\"><div class=\\"ajc-flex-row ajc-flex-justify-center ajc-width-full-hd\\"><div class=\\"ajc-flex-row ajc-flex-justify-center ajc-width-hd\\"><div id=\\"page-mask-add-new-item-dialog-id-content\\" class=\\"ajc-flex-column ajc-flex-justify-start ajc-spacing-top-large ajc-spacing-bottom-large ajc-width-hd-with-padding ajc-text-white ajc-font-default\\"><div class=\\"ajc-flex-row ajc-flex-justify-center ajc-width-hd-inner\\"><div id=\\"add-new-item-dialog-id-root\\" class=\\"ajc-flex-column ajc-flex-justify-left ajc-width-dialog-parent\\"><div id=\\"add-new-item-dialog-id-title\\" class=\\"ajc-flex-row ajc-flex-justify-left ajc-dialog-title ajc-width-dialog ajc-text-white ajc-font-default ajc-background-grey-2\\"><h2 class=\\"ajc-font-dialog-title\\">Add New Document Item</h2></div><div id=\\"add-new-item-dialog-id-content-area-root\\" class=\\"ajc-flex-row ajc-flex-justify-left ajc-dialog-content ajc-width-dialog-content ajc-background-white\\"><div id=\\"add-new-item-dialog-id-content-area\\" class=\\"ajc-flex-column ajc-flex-justify-left ajc-text-black ajc-font-default\\"><div class=\\"ajc-flex-column ajc-flex-justify-left ajc-background-transparent ajc-spacing-bottom-small ajc-text-black ajc-font-default\\"><label for=\\"add-new-item-dropdown-menu-id\\" class=\\"ajc-row ajc-flex-justify-left ajc-spacing-bottom-small ajc-spacing-bottom-reduced ajc-label-standalone\\">Please select an item to be added to your document:</label><select id=\\"add-new-item-dropdown-menu-id\\" name=\\"add-new-item-dropdown-menu-id\\" class=\\"ajc-select ajc-font-default\\"><option value=\\"screenshot-with-caption\\" title=\\"Screenshot With Caption Text\\" selected=\\"\\">Screenshot With Caption Text</option></select></div></div></div><div id=\\"add-new-item-dialog-id-footer\\" class=\\"ajc-flex-row ajc-flex-justify-center ajc-dialog-footer ajc-width-dialog ajc-font-default ajc-background-grey-2\\"><button id=\\"confirm-add-new-item-button\\" class=\\"ajc-dialog-footer-button ajc-text-white ajc-menu-item-grey\\" type=\\"button\\">Confirm and Add</button><button id=\\"cancel-add-new-item-button\\" class=\\"ajc-dialog-footer-button ajc-text-white ajc-menu-item-grey\\" type=\\"button\\">Cancel and Exit</button></div></div></div></div></div></div></div><button id=\\"page-mask-add-new-item-dialog-id-close-button\\" class=\\"ajc-flex-row ajc-button ajc-button-page-mask-close ajc-text-white ajc-font-default ajc-button-grey\\" title=\\"Click to close\\">&nbsp;X&nbsp;</button>"`;

exports[`ControlsEditorUpper Dialog visible - Loading new item dialog verifies the snapshot for the component 1`] = `"<div class=\\"ajc-flex-row ajc-spacing-bottom-small ajc-width-hd-inner ajc-text-black ajc-font-default ajc-flex-justify-left\\"><h2 class=\\"ajc-font-paragraph-heading\\">Click the button below to add new items to your document:</h2></div><div class=\\"ajc-flex-row ajc-spacing-bottom-small ajc-background-transparent ajc-width-hd-inner ajc-flex-justify-left ajc-spacing-top-reduced\\"><button id=\\"add-new-item-button\\" class=\\"ajc-button ajc-font-default ajc-button-grey\\" type=\\"button\\" title=\\"Add a new item to your document.\\">Add New Item</button></div><input id=\\"add-new-item-user-value\\" type=\\"text\\" readonly=\\"\\" class=\\"ajc-display-none\\"><div id=\\"page-mask-loading-new-item-dialog-id-root\\" class=\\"ajc-flex-row ajc-flex-justify-center ajc-page-mask ajc-width-4k\\"><div class=\\"ajc-flex-row ajc-flex-justify-center ajc-width-full-hd\\"><div class=\\"ajc-flex-row ajc-flex-justify-center ajc-width-hd\\"><div id=\\"page-mask-loading-new-item-dialog-id-content\\" class=\\"ajc-flex-column ajc-flex-justify-start ajc-spacing-top-large ajc-spacing-bottom-large ajc-width-hd-with-padding ajc-text-white ajc-font-default\\"><div class=\\"ajc-flex-row ajc-flex-justify-center ajc-width-hd-inner\\"><div id=\\"loading-new-item-dialog-id-root\\" class=\\"ajc-flex-column ajc-flex-justify-left ajc-width-dialog-parent\\"><div id=\\"loading-new-item-dialog-id-title\\" class=\\"ajc-flex-row ajc-flex-justify-left ajc-dialog-title ajc-width-dialog ajc-text-white ajc-font-default ajc-background-grey-2\\"><h2 class=\\"ajc-font-dialog-title\\">Adding Your New Item</h2></div><div id=\\"loading-new-item-dialog-id-content-area-root\\" class=\\"ajc-flex-row ajc-flex-justify-left ajc-dialog-content ajc-width-dialog-content ajc-background-white\\"><div id=\\"loading-new-item-dialog-id-content-area\\" class=\\"ajc-flex-column ajc-flex-justify-left ajc-text-black ajc-font-default\\"><p class=\\"ajc-flex-row ajc-background-transparent ajc-page-content-text ajc-spacing-bottom-small ajc-text-black ajc-font-default ajc-flex-justify-left\\">Please wait just a moment. We are getting your new item ready for you.</p></div></div><div id=\\"loading-new-item-dialog-id-footer\\" class=\\"ajc-flex-row ajc-flex-justify-center ajc-dialog-footer ajc-width-dialog ajc-font-default ajc-background-grey-2\\"></div></div></div></div></div></div></div>"`;

exports[`ControlsEditorUpper Transferred props and rendering - All properties custom set verifies the snapshot for the component 1`] = `
Array [
  <div
    className="ajc-flex-row ajc-spacing-bottom-small ajc-width-hd-inner ajc-text-black ajc-font-default ajc-flex-justify-left ajc-spacing-top-large"
  >
    <h2
      className="ajc-font-paragraph-heading"
    >
      Click the button below to add new items to your document:
    </h2>
  </div>,
  <div
    className="ajc-flex-row ajc-spacing-bottom-small ajc-background-transparent ajc-width-hd-inner ajc-flex-justify-left ajc-spacing-top-reduced"
  >
    <button
      className="ajc-button ajc-font-default ajc-button-red"
      id="add-new-item-button"
      onClick={[Function]}
      title="Add a new item to your document."
      type="button"
    >
      Add New Item
    </button>
  </div>,
  <input
    className="ajc-display-none"
    id="add-new-item-user-value"
    readOnly={true}
    type="text"
  />,
]
`;
