// Jest Snapshot v1, https://goo.gl/fbAQLP

exports[`LoadingNewItemDialog Default props and rendering verifies the snapshot for the component 1`] = `null`;

exports[`LoadingNewItemDialog Transferred props and rendering - All properties custom set verifies the snapshot for the component 1`] = `
<div
  className="ajc-flex-row ajc-flex-justify-center ajc-page-mask ajc-width-4k"
  id="page-mask-loading-new-item-dialog-id-root"
>
  <div
    className="ajc-flex-row ajc-flex-justify-center ajc-width-full-hd"
  >
    <div
      className="ajc-flex-row ajc-flex-justify-center ajc-width-hd"
    >
      <div
        className="ajc-flex-column ajc-flex-justify-start ajc-spacing-top-large ajc-spacing-bottom-large ajc-width-hd-with-padding ajc-text-white ajc-font-default"
        id="page-mask-loading-new-item-dialog-id-content"
      >
        <div
          className="ajc-flex-row ajc-flex-justify-center ajc-width-hd-inner"
        >
          <div
            className="ajc-flex-column ajc-flex-justify-left ajc-width-dialog-parent"
            id="loading-new-item-dialog-id-root"
          >
            <div
              className="ajc-flex-row ajc-flex-justify-left ajc-dialog-title ajc-width-dialog ajc-text-white ajc-font-default ajc-background-red"
              id="loading-new-item-dialog-id-title"
            >
              <h2
                className="ajc-font-dialog-title"
              >
                Adding Your New Item
              </h2>
            </div>
            <div
              className="ajc-flex-row ajc-flex-justify-left ajc-dialog-content ajc-width-dialog-content ajc-background-grey-1"
              id="loading-new-item-dialog-id-content-area-root"
            >
              <div
                className="ajc-flex-column ajc-flex-justify-left ajc-text-black ajc-font-default"
                id="loading-new-item-dialog-id-content-area"
              >
                <p
                  className="ajc-flex-row ajc-background-transparent ajc-page-content-text ajc-spacing-bottom-small ajc-text-black ajc-font-default ajc-flex-justify-left"
                >
                  Please wait just a moment. We are getting your new item ready for you.
                </p>
              </div>
            </div>
            <div
              className="ajc-flex-row ajc-flex-justify-center ajc-dialog-footer ajc-width-dialog ajc-font-default ajc-background-red"
              id="loading-new-item-dialog-id-footer"
            />
          </div>
        </div>
      </div>
    </div>
  </div>
</div>
`;
